TextMetricsAll: measuring "Musterstraße 12"
  font: /usr/share/fonts/liberation/LiberationSans-Regular.ttf
  pixel size: 30.2362 px (fontSize=4 fontSizeParam=2 dpi=96)
  output directory: textmetrics-output
  Reference (FreeType): label width=219 height=35
    glyph 0: box=(2, -21, 21, 21) advance=25
    glyph 1: box=(1, -16, 14, 16) advance=17
    glyph 2: box=(0, -16, 14, 16) advance=15
    glyph 3: box=(0, -20, 9, 20) advance=8
    glyph 4: box=(1, -16, 15, 16) advance=17
    glyph 5: box=(2, -16, 8, 16) advance=10
    glyph 6: box=(0, -16, 14, 16) advance=15
    glyph 7: box=(0, -20, 9, 20) advance=8
    glyph 8: box=(2, -16, 8, 16) advance=10
    glyph 9: box=(1, -16, 16, 16) advance=17
    glyph 10: box=(2, -22, 16, 22) advance=18
    glyph 11: box=(1, -16, 15, 16) advance=17
    glyph 12: box=(0, -0, 0, 0) advance=8
    glyph 13: box=(2, -21, 14, 21) advance=17
    glyph 14: box=(1, -21, 15, 21) advance=17
AGG backend: unavailable (not compiled in)
Cairo backend...
  Cairo: label width=216.491 height=22.7376
    glyph 0: pos=(0, 0) box=(2.26772, -22.0422, 20.742, 22.0422) diff=(0.267717, -1.0422, -0.257953, 1.0422)
    glyph 1: pos=(25.1868, 0) box=(1.96535, -15.8438, 12.6085, 16.5392) diff=(0.965354, 0.15622, -1.3915, 0.539213)
    glyph 2: pos=(41.9981, 0) box=(1.02803, -16.2973, 12.8504, 16.9928) diff=(1.02803, -0.297323, -1.14961, 0.992756)
    glyph 3: pos=(57.1162, 0) box=(0.423307, -20.1978, 7.25669, 20.8932) diff=(0.423307, -0.197795, -1.74331, 0.893228)
    glyph 4: pos=(65.5219, 0) box=(1.20945, -16.2973, 14.3017, 16.9928) diff=(0.209449, -0.297323, -0.698268, 0.992756)
    glyph 5: pos=(82.3332, 0) box=(2.0863, -16.2973, 7.61953, 16.2973) diff=(0.0862992, -0.297323, -0.380472, 0.297323)
    glyph 6: pos=(92.4019, 0) box=(1.02803, -16.2973, 12.8504, 16.9928) diff=(1.02803, -0.297323, -1.14961, 0.992756)
    glyph 7: pos=(107.52, 0) box=(0.423307, -20.1978, 7.25669, 20.8932) diff=(0.423307, -0.197795, -1.74331, 0.893228)
    glyph 8: pos=(115.926, 0) box=(2.0863, -16.2973, 7.61953, 16.2973) diff=(0.0862992, -0.297323, -0.380472, 0.297323)
    glyph 9: pos=(125.994, 0) box=(1.26992, -16.2973, 14.9065, 16.9928) diff=(0.269921, -0.297323, -1.09354, 0.992756)
    glyph 10: pos=(142.806, 0) box=(2.11654, -22.0422, 14.6646, 22.6469) diff=(0.116535, -0.0422047, -1.33543, 0.646929)
    glyph 11: pos=(161.28, 0) box=(1.20945, -16.2973, 14.3017, 16.9928) diff=(0.209449, -0.297323, -0.698268, 0.992756)
    glyph 12: pos=(178.091, 0) box=(0, 0, 0, 0) diff=(0, 0, 0, 0)
    glyph 13: pos=(186.497, 0) box=(3.08409, -21.8608, 7.40787, 21.8608) diff=(1.08409, -0.860787, -6.59213, 0.860787)
    glyph 14: pos=(203.308, 0) box=(1.02803, -21.8608, 14.4227, 21.8306) diff=(0.0280315, -0.860787, -0.577323, 0.830551)
  OK: textmetrics-output/TextMetricsCairo.png
Qt backend: unavailable (not compiled in)
Skia backend...
  Skia: label width=216 height=23
    glyph 0: pos=(0, 0) box=(2, -22, 21, 22) diff=(0, -1, 0, 1)
    glyph 1: pos=(25, 0) box=(1, -16, 14, 17) diff=(0, 0, 0, 1)
    glyph 2: pos=(42, 0) box=(1, -16, 13, 16) diff=(1, 0, -1, 0)
    glyph 3: pos=(57, 0) box=(0, -21, 8, 21) diff=(0, -1, -1, 1)
    glyph 4: pos=(65, 0) box=(1, -16, 15, 16) diff=(0, 0, 0, 0)
    glyph 5: pos=(82, 0) box=(2, -17, 8, 17) diff=(0, -1, 0, 1)
    glyph 6: pos=(92, 0) box=(1, -16, 13, 16) diff=(1, 0, -1, 0)
    glyph 7: pos=(107, 0) box=(0, -21, 8, 21) diff=(0, -1, -1, 1)
    glyph 8: pos=(115, 0) box=(2, -17, 8, 17) diff=(0, -1, 0, 1)
    glyph 9: pos=(125, 0) box=(1, -16, 16, 16) diff=(0, 0, 0, 0)
    glyph 10: pos=(142, 0) box=(2, -22, 15, 22) diff=(0, 0, -1, 0)
    glyph 11: pos=(160, 0) box=(1, -16, 15, 16) diff=(0, 0, 0, 0)
    glyph 12: pos=(177, 0) box=(0, 0, 0, 0) diff=(0, 0, 0, 0)
    glyph 13: pos=(185, 0) box=(3, -22, 8, 22) diff=(1, -1, -6, 1)
    glyph 14: pos=(202, 0) box=(1, -22, 15, 22) diff=(0, -1, 0, 1)
  OK: textmetrics-output/TextMetricsSkia.png
SVG backend...
  SVG: label width=340.157 height=30.2362
    glyph 0: pos=(0, 0) box=(0, -0, 0, 0) diff=(-2, 21, -21, -21)
    glyph 1: pos=(22.6772, 0) box=(0, -0, 0, 0) diff=(-1, 16, -14, -16)
    glyph 2: pos=(45.3543, 0) box=(0, -0, 0, 0) diff=(0, 16, -14, -16)
    glyph 3: pos=(68.0315, 0) box=(0, -0, 0, 0) diff=(0, 20, -9, -20)
    glyph 4: pos=(90.7087, 0) box=(0, -0, 0, 0) diff=(-1, 16, -15, -16)
    glyph 5: pos=(113.386, 0) box=(0, -0, 0, 0) diff=(-2, 16, -8, -16)
    glyph 6: pos=(136.063, 0) box=(0, -0, 0, 0) diff=(0, 16, -14, -16)
    glyph 7: pos=(158.74, 0) box=(0, -0, 0, 0) diff=(0, 20, -9, -20)
    glyph 8: pos=(181.417, 0) box=(0, -0, 0, 0) diff=(-2, 16, -8, -16)
    glyph 9: pos=(204.094, 0) box=(0, -0, 0, 0) diff=(-1, 16, -16, -16)
    glyph 10: pos=(226.772, 0) box=(0, -0, 0, 0) diff=(-2, 22, -16, -22)
    glyph 11: pos=(249.449, 0) box=(0, -0, 0, 0) diff=(-1, 16, -15, -16)
    glyph 12: pos=(272.126, 0) box=(0, -0, 0, 0) diff=(0, 0, 0, 0)
    glyph 13: pos=(294.803, 0) box=(0, -0, 0, 0) diff=(-2, 21, -14, -21)
    glyph 14: pos=(317.48, 0) box=(0, -0, 0, 0) diff=(-1, 21, -15, -21)
  OK: textmetrics-output/TextMetricsSVG.svg
